[demo.themekita.com/atlantis/livepreview/examples/demo1/index.html]
[backblue.gif]
[fade.gif]
[index.html]
[demo.themekita.com/atlantis/livepreview/examples/assets/js/plugin/webfont/webfont.min.js]
[demo.themekita.com/atlantis/livepreview/examples/assets/css/bootstrap.min.css]
[demo.themekita.com/atlantis/livepreview/examples/assets/css/atlantis.css]
[demo.themekita.com/atlantis/livepreview/examples/assets/css/demo.css]
[demo.themekita.com/atlantis/livepreview/examples/demo1/index-2.html]
[demo.themekita.com/atlantis/livepreview/examples/assets/img/jm_denis.jpg]
[demo.themekita.com/atlantis/livepreview/examples/assets/img/chadengle.jpg]
[demo.themekita.com/atlantis/livepreview/examples/assets/img/mlane.jpg]
[demo.themekita.com/atlantis/livepreview/examples/assets/img/talha.jpg]
[demo.themekita.com/atlantis/livepreview/examples/assets/img/profile2.jpg]
[demo.themekita.com/atlantis/livepreview/examples/assets/img/profile.jpg]
[demo.themekita.com/atlantis/livepreview/examples/demo1/components/avatars.html]
[demo.themekita.com/atlantis/livepreview/examples/demo1/components/buttons.html]
[demo.themekita.com/atlantis/livepreview/examples/demo1/components/panels.html]
[demo.themekita.com/atlantis/livepreview/examples/demo1/components/gridsystem.html]
[demo.themekita.com/atlantis/livepreview/examples/demo1/components/notifications.html]
[demo.themekita.com/atlantis/livepreview/examples/demo1/components/sweetalert.html]
[demo.themekita.com/atlantis/livepreview/examples/demo1/components/lists.html]
[demo.themekita.com/atlantis/livepreview/examples/demo1/components/owl-carousel.html]
[demo.themekita.com/atlantis/livepreview/examples/demo1/components/magnific-popup.html]
[demo.themekita.com/atlantis/livepreview/examples/demo1/components/simple-line-icons.html]
[demo.themekita.com/atlantis/livepreview/examples/demo1/components/font-awesome-icons.html]
[demo.themekita.com/atlantis/livepreview/examples/demo1/components/typography.html]
[demo.themekita.com/atlantis/livepreview/examples/demo1/components/flaticons.html]
[demo.themekita.com/atlantis/livepreview/examples/demo1/sidebar-style-1.html]
[demo.themekita.com/atlantis/livepreview/examples/demo1/compact-sidebar.html]
[demo.themekita.com/atlantis/livepreview/examples/demo1/overlay-sidebar.html]
[demo.themekita.com/atlantis/livepreview/examples/demo1/static-sidebar.html]
[demo.themekita.com/atlantis/livepreview/examples/demo1/icon-menu.html]
[demo.themekita.com/atlantis/livepreview/examples/demo1/forms/forms.html]
[demo.themekita.com/atlantis/livepreview/examples/demo1/forms/formvalidation.html]
[demo.themekita.com/atlantis/livepreview/examples/demo1/forms/formupload.html]
[demo.themekita.com/atlantis/livepreview/examples/demo1/forms/formwizard.html]
[demo.themekita.com/atlantis/livepreview/examples/demo1/forms/formwidget.html]
[demo.themekita.com/atlantis/livepreview/examples/demo1/forms/formwysiwyg.html]
[demo.themekita.com/atlantis/livepreview/examples/demo1/tables/tables.html]
[demo.themekita.com/atlantis/livepreview/examples/demo1/tables/datatables.html]
[demo.themekita.com/atlantis/livepreview/examples/demo1/maps/fullscreenmaps.html]
[demo.themekita.com/atlantis/livepreview/examples/demo1/maps/googlemaps.html]
[demo.themekita.com/atlantis/livepreview/examples/demo1/maps/jqvmap.html]
[demo.themekita.com/atlantis/livepreview/examples/demo1/charts/charts.html]
[demo.themekita.com/atlantis/livepreview/examples/demo1/charts/sparkline.html]
[demo.themekita.com/atlantis/livepreview/examples/demo1/calendar.html]
[demo.themekita.com/atlantis/livepreview/examples/demo1/widgets.html]
[demo.themekita.com/atlantis/livepreview/examples/demo1/email-inbox.html]
[demo.themekita.com/atlantis/livepreview/examples/demo1/email-compose.html]
[demo.themekita.com/atlantis/livepreview/examples/demo1/email-detail.html]
[demo.themekita.com/atlantis/livepreview/examples/demo1/conversations.html]
[demo.themekita.com/atlantis/livepreview/examples/demo1/projects.html]
[demo.themekita.com/atlantis/livepreview/examples/demo1/messages.html]
[demo.themekita.com/atlantis/livepreview/examples/demo1/boards.html]
[demo.themekita.com/atlantis/livepreview/examples/demo1/invoice.html]
[demo.themekita.com/atlantis/livepreview/examples/demo1/faqs.html]
[demo.themekita.com/atlantis/livepreview/examples/demo1/pricing.html]
[demo.themekita.com/atlantis/livepreview/examples/demo1/login.html]
[demo.themekita.com/atlantis/livepreview/examples/demo1/login2.html]
[demo.themekita.com/atlantis/livepreview/examples/demo1/login3.html]
[demo.themekita.com/atlantis/livepreview/examples/demo1/userprofile.html]
[demo.themekita.com/atlantis/livepreview/examples/demo1/404.html]
[demo.themekita.com/atlantis/livepreview/examples/assets/img/flags/id.png]
[demo.themekita.com/atlantis/livepreview/examples/assets/img/flags/us.png]
[demo.themekita.com/atlantis/livepreview/examples/assets/img/flags/au.png]
[demo.themekita.com/atlantis/livepreview/examples/assets/img/flags/ru.png]
[demo.themekita.com/atlantis/livepreview/examples/assets/img/flags/cn.png]
[demo.themekita.com/atlantis/livepreview/examples/assets/img/flags/br.png]
[demo.themekita.com/atlantis/livepreview/examples/assets/js/core/popper.min.js]
[demo.themekita.com/atlantis/livepreview/examples/assets/js/core/jquery.3.2.1.min.js]
[demo.themekita.com/atlantis/livepreview/examples/assets/js/plugin/jquery-ui-touch-punch/jquery.ui.touch-punch.min.js]
[demo.themekita.com/atlantis/livepreview/examples/assets/js/core/bootstrap.min.js]
[demo.themekita.com/atlantis/livepreview/examples/assets/js/plugin/jquery-scrollbar/jquery.scrollbar.min.js]
[demo.themekita.com/atlantis/livepreview/examples/assets/js/plugin/jquery-ui-1.12.1.custom/jquery-ui.min.js]
[demo.themekita.com/atlantis/livepreview/examples/assets/js/plugin/chart-circle/circles.min.js]
[demo.themekita.com/atlantis/livepreview/examples/assets/js/plugin/moment/moment.min.js]
[demo.themekita.com/atlantis/livepreview/examples/assets/js/plugin/jquery.sparkline/jquery.sparkline.min.js]
[demo.themekita.com/atlantis/livepreview/examples/assets/js/plugin/bootstrap-notify/bootstrap-notify.min.js]
[demo.themekita.com/atlantis/livepreview/examples/assets/js/plugin/bootstrap-toggle/bootstrap-toggle.min.js]
[demo.themekita.com/atlantis/livepreview/examples/assets/js/plugin/jqvmap/jquery.vmap.min.js]
[demo.themekita.com/atlantis/livepreview/examples/assets/js/plugin/datatables/datatables.min.js]
[demo.themekita.com/atlantis/livepreview/examples/assets/js/plugin/gmaps/gmaps.js]
[demo.themekita.com/atlantis/livepreview/examples/assets/js/plugin/chart.js/chart.min.js]
[demo.themekita.com/atlantis/livepreview/examples/assets/js/plugin/jqvmap/maps/jquery.vmap.world.js]
[demo.themekita.com/atlantis/livepreview/examples/assets/js/plugin/dropzone/dropzone.min.js]
[demo.themekita.com/atlantis/livepreview/examples/assets/js/plugin/bootstrap-tagsinput/bootstrap-tagsinput.min.js]
[demo.themekita.com/atlantis/livepreview/examples/assets/js/plugin/bootstrap-wizard/bootstrapwizard.js]
[demo.themekita.com/atlantis/livepreview/examples/assets/js/plugin/datepicker/bootstrap-datetimepicker.min.js]
[demo.themekita.com/atlantis/livepreview/examples/assets/js/plugin/jquery.validate/jquery.validate.min.js]
[demo.themekita.com/atlantis/livepreview/examples/assets/js/plugin/select2/select2.full.min.js]
[demo.themekita.com/atlantis/livepreview/examples/assets/js/plugin/fullcalendar/fullcalendar.min.js]
[demo.themekita.com/atlantis/livepreview/examples/assets/js/plugin/summernote/summernote-bs4.min.js]
[demo.themekita.com/atlantis/livepreview/examples/assets/js/plugin/owl-carousel/owl.carousel.min.js]
[demo.themekita.com/atlantis/livepreview/examples/assets/js/plugin/jquery.magnific-popup/jquery.magnific-popup.min.js]
[demo.themekita.com/atlantis/livepreview/examples/assets/js/atlantis.min.js]
[demo.themekita.com/atlantis/livepreview/examples/assets/js/setting-demo.js]
[demo.themekita.com/atlantis/livepreview/examples/assets/js/plugin/sweetalert/sweetalert.min.js]
[demo.themekita.com/atlantis/livepreview/examples/assets/js/demo.js]
[demo.themekita.com/atlantis/livepreview/examples/demo1/index.html]
[demo.themekita.com/atlantis/livepreview/examples/assets/css/bootstrap.min.css]
[demo.themekita.com/atlantis/livepreview/examples/assets/img/img-shadow.png]
[demo.themekita.com/atlantis/livepreview/examples/assets/img/bg-404.jpg]
[demo.themekita.com/atlantis/livepreview/examples/assets/css/atlantis.css]
[demo.themekita.com/atlantis/livepreview/examples/assets/css/demo.css]
[demo.themekita.com/atlantis/livepreview/examples/demo1/index-2.html]
[demo.themekita.com/atlantis/livepreview/examples/demo1/profile.html]
[demo.themekita.com/atlantis/livepreview/examples/demo1/components/avatars.html]
[demo.themekita.com/atlantis/livepreview/examples/assets/js/setting-demo2.js]
[demo.themekita.com/atlantis/livepreview/examples/demo1/components/buttons.html]
[demo.themekita.com/atlantis/livepreview/examples/demo1/components/gridsystem.html]
[demo.themekita.com/atlantis/livepreview/examples/demo1/components/panels.html]
[demo.themekita.com/atlantis/livepreview/examples/demo1/components/notifications.html]
[demo.themekita.com/atlantis/livepreview/examples/demo1/components/sweetalert.html]
[demo.themekita.com/atlantis/livepreview/examples/demo1/components/lists.html]
[demo.themekita.com/atlantis/livepreview/examples/assets/js/plugin/list.js/list.min.js]
[demo.themekita.com/atlantis/livepreview/examples/assets/img/examples/product1.jpg]
[demo.themekita.com/atlantis/livepreview/examples/assets/img/examples/product2.jpg]
[demo.themekita.com/atlantis/livepreview/examples/assets/img/examples/product3.jpg]
[demo.themekita.com/atlantis/livepreview/examples/assets/img/examples/product4.jpg]
[demo.themekita.com/atlantis/livepreview/examples/assets/img/examples/product5.jpg]
[demo.themekita.com/atlantis/livepreview/examples/assets/img/examples/product6.jpg]
[demo.themekita.com/atlantis/livepreview/examples/assets/img/examples/product7.jpg]
[demo.themekita.com/atlantis/livepreview/examples/assets/img/examples/product8.jpg]
[demo.themekita.com/atlantis/livepreview/examples/assets/img/examples/product10.jpg]
[demo.themekita.com/atlantis/livepreview/examples/assets/img/examples/product11.jpg]
[demo.themekita.com/atlantis/livepreview/examples/assets/img/examples/product12.jpg]
[demo.themekita.com/atlantis/livepreview/examples/demo1/components/owl-carousel.html]
[demo.themekita.com/atlantis/livepreview/examples/assets/img/examples/example1.jpg]
[demo.themekita.com/atlantis/livepreview/examples/assets/img/examples/example1-300x300.jpg]
[demo.themekita.com/atlantis/livepreview/examples/assets/img/examples/example2.jpg]
[demo.themekita.com/atlantis/livepreview/examples/assets/img/examples/example2-300x300.jpg]
[demo.themekita.com/atlantis/livepreview/examples/assets/img/examples/example3.jpg]
[demo.themekita.com/atlantis/livepreview/examples/assets/img/examples/example3-300x300.jpg]
[demo.themekita.com/atlantis/livepreview/examples/assets/img/examples/example4.jpg]
[demo.themekita.com/atlantis/livepreview/examples/assets/img/examples/example4-300x300.jpg]
[demo.themekita.com/atlantis/livepreview/examples/assets/img/examples/example5.jpg]
[demo.themekita.com/atlantis/livepreview/examples/assets/img/examples/example5-300x300.jpg]
[demo.themekita.com/atlantis/livepreview/examples/assets/img/examples/example6.jpg]
[demo.themekita.com/atlantis/livepreview/examples/assets/img/examples/example6-300x300.jpg]
[demo.themekita.com/atlantis/livepreview/examples/assets/img/examples/example7.jpg]
[demo.themekita.com/atlantis/livepreview/examples/assets/img/examples/example7-300x300.jpg]
[demo.themekita.com/atlantis/livepreview/examples/assets/img/examples/example8.jpg]
[demo.themekita.com/atlantis/livepreview/examples/assets/img/examples/example8-300x300.jpg]
[demo.themekita.com/atlantis/livepreview/examples/assets/img/examples/example9.jpg]
[demo.themekita.com/atlantis/livepreview/examples/assets/img/examples/example9-300x300.jpg]
[demo.themekita.com/atlantis/livepreview/examples/assets/img/examples/example10.jpg]
[demo.themekita.com/atlantis/livepreview/examples/assets/img/examples/example10-300x300.jpg]
[demo.themekita.com/atlantis/livepreview/examples/assets/img/examples/example11.jpg]
[demo.themekita.com/atlantis/livepreview/examples/assets/img/examples/example11-300x300.jpg]
[demo.themekita.com/atlantis/livepreview/examples/assets/img/examples/example12.jpg]
[demo.themekita.com/atlantis/livepreview/examples/assets/img/examples/example12-300x300.jpg]
[demo.themekita.com/atlantis/livepreview/examples/demo1/components/magnific-popup.html]
[demo.themekita.com/atlantis/livepreview/examples/demo1/components/font-awesome-icons.html]
[demo.themekita.com/atlantis/livepreview/examples/demo1/components/simple-line-icons.html]
[demo.themekita.com/atlantis/livepreview/examples/demo1/components/flaticons.html]
[demo.themekita.com/atlantis/livepreview/examples/demo1/components/typography.html]
[demo.themekita.com/atlantis/livepreview/examples/demo1/sidebar-style-1.html]
[demo.themekita.com/atlantis/livepreview/examples/demo1/overlay-sidebar.html]
[demo.themekita.com/atlantis/livepreview/examples/demo1/compact-sidebar.html]
[demo.themekita.com/atlantis/livepreview/examples/demo1/static-sidebar.html]
[demo.themekita.com/atlantis/livepreview/examples/demo1/icon-menu.html]
[demo.themekita.com/atlantis/livepreview/examples/demo1/forms/forms.html]
[demo.themekita.com/atlantis/livepreview/examples/demo1/forms/formvalidation.html]
[demo.themekita.com/atlantis/livepreview/examples/demo1/forms/formwidget.html]
[demo.themekita.com/atlantis/livepreview/examples/demo1/forms/formwizard.html]
[demo.themekita.com/atlantis/livepreview/examples/demo1/forms/formupload.html]
[demo.themekita.com/atlantis/livepreview/examples/demo1/forms/formwysiwyg.html]
[demo.themekita.com/atlantis/livepreview/examples/demo1/tables/tables.html]
[demo.themekita.com/atlantis/livepreview/examples/demo1/tables/datatables.html]
[demo.themekita.com/atlantis/livepreview/examples/demo1/maps/googlemaps.html]
[demo.themekita.com/atlantis/livepreview/examples/demo1/maps/fullscreenmaps.html]
[demo.themekita.com/atlantis/livepreview/examples/demo1/maps/jqvmap.html]
[demo.themekita.com/atlantis/livepreview/examples/demo1/charts/charts.html]
[demo.themekita.com/atlantis/livepreview/examples/demo1/charts/sparkline.html]
[demo.themekita.com/atlantis/livepreview/examples/demo1/calendar.html]
[demo.themekita.com/atlantis/livepreview/examples/assets/img/blogpost.jpg]
[demo.themekita.com/atlantis/livepreview/examples/demo1/widgets.html]
[demo.themekita.com/atlantis/livepreview/examples/demo1/email-inbox.html]
[demo.themekita.com/atlantis/livepreview/examples/demo1/email-compose.html]
[demo.themekita.com/atlantis/livepreview/examples/demo1/email-detail.html]
[demo.themekita.com/atlantis/livepreview/examples/assets/img/arashmil.jpg]
[demo.themekita.com/atlantis/livepreview/examples/demo1/messages.html]
[demo.themekita.com/atlantis/livepreview/examples/demo1/conversations.html]
[demo.themekita.com/atlantis/livepreview/examples/demo1/projects.html]
[demo.themekita.com/atlantis/livepreview/examples/demo1/boards.html]
[demo.themekita.com/atlantis/livepreview/examples/demo1/invoice.html]
[demo.themekita.com/atlantis/livepreview/examples/demo1/pricing.html]
[demo.themekita.com/atlantis/livepreview/examples/demo1/faqs.html]
[demo.themekita.com/atlantis/livepreview/examples/demo1/login.html]
[demo.themekita.com/atlantis/livepreview/examples/demo1/login2.html]
[demo.themekita.com/atlantis/livepreview/examples/demo1/login3.html]
[demo.themekita.com/atlantis/livepreview/examples/demo1/userprofile.html]
[demo.themekita.com/atlantis/livepreview/examples/demo1/404.html]
[demo.themekita.com/atlantis/livepreview/examples/demo1/single-group.html]
[demo.themekita.com/atlantis/livepreview/examples/demo1/single-event.html]
[demo.themekita.com/atlantis/livepreview/examples/assets/css/owl.video.play.html]
[demo.themekita.com/atlantis/livepreview/examples/demo1/components/profile.html]
[demo.themekita.com/atlantis/livepreview/examples/demo1/components/index.html]
[demo.themekita.com/atlantis/livepreview/examples/demo1/forms/profile.html]
[demo.themekita.com/atlantis/livepreview/examples/demo1/tables/profile.html]
[demo.themekita.com/atlantis/livepreview/examples/demo1/tables/index.html]
[demo.themekita.com/atlantis/livepreview/examples/demo1/maps/profile.html]
[demo.themekita.com/atlantis/livepreview/examples/demo1/charts/profile.html]
[demo.themekita.com/atlantis/livepreview/examples/assets/js/plugin/sortable/sortable.min.js]
